2025-12-02 19:27:00 | DEBUG | repo=a4m36jee-2014-web-seminar | action=edit | files=5
2025-12-03 09:30:00 | WARN | repo=a4m36jee-2014-web-seminar | action=commit
2025-04-14 12:44:00 | INFO | repo=a4m36jee-2014-web-seminar | action=pull
2025-02-15 19:54:00 | WARN | repo=a4m36jee-2014-web-seminar | action=commit
2025-12-26 15:30:00 | DEBUG | repo=a4m36jee-2014-web-seminar | action=commit
2025-10-05 09:03:00 | WARN | repo=a4m36jee-2014-web-seminar | action=edit | files=4
2025-09-24 20:01:00 | INFO | repo=a4m36jee-2014-web-seminar | action=pull
2025-05-14 15:06:00 | INFO | repo=a4m36jee-2014-web-seminar | action=commit
2025-05-02 18:27:00 | INFO | repo=a4m36jee-2014-web-seminar | action=commit
2025-11-27 18:35:00 | WARN | repo=a4m36jee-2014-web-seminar | action=commit
2025-11-16 09:10:00 | INFO | repo=a4m36jee-2014-web-seminar | action=commit
2025-01-20 21:05:00 | DEBUG | repo=a4m36jee-2014-web-seminar | action=pull
2025-10-02 08:04:00 | WARN | repo=a4m36jee-2014-web-seminar | action=commit
2025-07-10 16:46:00 | DEBUG | repo=a4m36jee-2014-web-seminar | action=commit
2025-07-13 08:11:00 | DEBUG | repo=a4m36jee-2014-web-seminar | action=commit
2025-06-09 18:20:00 | DEBUG | repo=a4m36jee-2014-web-seminar | action=pull
2025-02-28 20:05:00 | DEBUG | repo=a4m36jee-2014-web-seminar | action=commit
2025-08-05 16:02:00 | WARN | repo=a4m36jee-2014-web-seminar | action=commit
2025-07-18 20:57:00 | DEBUG | repo=a4m36jee-2014-web-seminar | action=commit
2025-08-01 20:38:00 | INFO | repo=a4m36jee-2014-web-seminar | action=commit
